<div>
  <h5>Utilisateur</h5>
  <div class="flex">
    <h1>
      <div class="" style="">prenom nom
        <!---->
        <!---->
      </div>
    </h1>
  </div>
  <div class="flex flex-direction-column rnd-s border bg-bg mb">
    <div class="accordion-header flex  border-b-s">
      <div class="py-s px-m"><span> Profil </span></div>
      <div class="overflow-hidden flex flex-end flex-right">
        <div class="" style=""><button class="btn-alt py-s px-m" title="changer de mot de passe"><svg style="display: block;" xmlns="http://www.w3.org/2000/svg" width="24px" height="24px" viewBox="0 0 24 24" aria-labelledby="key" role="application" fill="#666" tabindex="-1">
              <use href="#icon-key"></use>
            </svg></button><button id="cmn-utilisateur-button-popup-supprimer" class="btn-alt py-s px-m" title="supprimer le compte utilisateur"><svg style="display: block;" xmlns="http://www.w3.org/2000/svg" width="24px" height="24px" viewBox="0 0 24 24" aria-labelledby="delete" role="application" fill="#666" tabindex="-1">
              <use href="#icon-delete"></use>
            </svg></button>
          <!---->
          <!---->
        </div>
        <div class="py-s" style=""></div>
      </div>
    </div>
    <div class="border-b-s">
      <div class="px-m pt-m">
        <div class="tablet-blobs">
          <div class="tablet-blob-1-4">
            <h5>Prénom</h5>
          </div>
          <div class="" style="">
            <p>prenom</p>
            <!---->
            <!---->
          </div>
        </div>
        <div class="tablet-blobs">
          <div class="tablet-blob-1-4">
            <h5>Nom</h5>
          </div>
          <div class="" style="">
            <p>nom</p>
            <!---->
            <!---->
          </div>
        </div>
        <div class="tablet-blobs">
          <div class="tablet-blob-1-4">
            <h5>Email</h5>
          </div>
          <div>
            <div class="" style="">
              <p>email@gmail.com</p>
              <!---->
              <!---->
            </div>
          </div>
        </div>
        <div class="tablet-blobs">
          <div class="tablet-blob-1-4">
            <h5>Téléphone fixe</h5>
          </div>
          <div class="" style="">
            <p>–</p>
            <!---->
            <!---->
          </div>
        </div>
        <div class="tablet-blobs">
          <div class="tablet-blob-1-4">
            <h5>Téléphone mobile</h5>
          </div>
          <div class="" style="">
            <p>–</p>
            <!---->
            <!---->
          </div>
        </div>
        <div class="tablet-blobs">
          <div class="tablet-blob-1-4 tablet-pt-s pb-s">
            <h5>Rôles</h5>
          </div>
          <div class="tablet-blob-3-4">
            <div class="" style="display: flex; flex-direction: row; align-content: center; align-items: center;">
              <div class="bg-neutral inline-block small bold color-bg pill py-xs px-s">Super</div>
              <!---->
              <!---->
              <!---->
            </div>
          </div>
        </div>
        <!---->
        <!---->
        <div class="tablet-blobs">
          <div class="tablet-blob-1-4">
            <h5>Newsletter</h5>
          </div>
          <div class="" style=""><input type="checkbox">
            <!---->
            <!---->
          </div>
        </div>
        <div class="tablet-blobs pb-m">
          <div class="tablet-blob-1-4">
            <h5>Jeton QGIS</h5>
          </div>
          <div class="" style="">
            <!----><button class="btn btn-secondary">Générer un jeton QGIS</button>
            <!---->
            <!---->
          </div>
          <transition-group-stub name="slide-bottom" tag="ul" appear="false" persisted="false" css="true" class="list-sans mb-0"></transition-group-stub>
        </div>
      </div>
    </div>
  </div>
  <!---->
</div>