<div class="mb p-s color-bg bg-warning">Attention danger</div>