<button class="bg-success pl-m pr-m _chip_de71b9">Ma chip <span>x</span></button>