// Vitest Snapshot v1, https://vitest.dev/guide/snapshot.html

exports[`construction des activités d'un titre > crée des activités 1`] = `
[
  {
    "activiteStatutId": "abs",
    "annee": 2018,
    "date": "2019-01-01",
    "periodeId": 1,
    "sections": [
      {
        "elements": [
          {
            "description": "<b>g (gramme)</b> contenu dans les minerais",
            "id": "auru",
            "nom": "or",
            "type": "number",
            "uniteId": "mgr",
          },
          {
            "description": "<b>x 1000 t (millier de tonnes)</b> extrait par abattage net livré",
            "id": "naca",
            "nom": "sel (chlorure de sodium)",
            "type": "number",
            "uniteId": "mtk",
          },
          {
            "description": "<b>x 1000 t (millier de tonnes)</b> extrait en dissolution par sondage et livré raffiné",
            "id": "nacb",
            "nom": "sel (chlorure de sodium)",
            "type": "number",
            "uniteId": "mtk",
          },
          {
            "description": "<b>x 1000 t (millier de tonnes)</b> extrait en dissolution par sondage et livré en dissolution",
            "id": "nacc",
            "nom": "sel (chlorure de sodium contenu)",
            "type": "number",
            "uniteId": "mtk",
          },
        ],
        "id": "substancesFiscales",
        "nom": "Production annuelle",
      },
      {
        "elements": [
          {
            "dateDebut": "2018-01-01",
            "description": "Toute information utile à la compréhension de la production déclarée.",
            "id": "texte",
            "optionnel": true,
            "type": "textarea",
          },
        ],
        "id": "complement",
        "nom": "Informations complémentaires",
      },
    ],
    "titreId": "titre-id",
    "typeId": "gra",
  },
]
`;

exports[`construction des activités d'un titre > crée des activités 2`] = `
[
  {
    "activiteStatutId": "abs",
    "annee": 2018,
    "date": "2018-04-01",
    "periodeId": 1,
    "sections": [
      {
        "elements": [
          {
            "dateDebut": "2018-01-01",
            "description": "Masse d’or brut en sortie de mine extrait au cours du trimestre (exemple : masse sous la forme de concentré gravimétrique).",
            "id": "orBrut",
            "nom": "Or brut extrait (g)",
            "type": "number",
          },
          {
            "description": "Masse en gramme de l’ensemble des produits contaminés envoyés en traitement au cours du trimestre.",
            "id": "mercure",
            "nom": "Mercure récupéré (g)",
            "type": "number",
          },
          {
            "dateDebut": "2018-01-01",
            "description": "Volume total en litre de carburant détaxé consommé au cours du trimestre par les travaux réalisés sur le chantier.",
            "id": "carburantDetaxe",
            "nom": "Carburant détaxé (l)",
            "type": "number",
          },
          {
            "description": "Volume total en litre de carburant conventionnel consommé au cours du trimestre par les travaux réalisés sur le chantier.",
            "id": "carburantConventionnel",
            "nom": "Carburant conventionnel (l)",
            "type": "number",
          },
          {
            "dateDebut": "2018-01-01",
            "description": "Nombre moyen de pompes actives au cours du trimestre utilisées sur le chantier (pompe à gravier, pompe de relevage…).",
            "id": "pompes",
            "nom": "Pompes actives",
            "type": "number",
          },
          {
            "dateDebut": "2018-01-01",
            "description": "Nombre moyen de pelles actives au cours du trimestre utilisées sur le chantier (aménagement, exploitation, réhabilitation).",
            "id": "pelles",
            "nom": "Pelles actives",
            "type": "number",
          },
          {
            "description": "Nombre moyen de salariés sur le chantier au cours du trimestre.",
            "id": "effectifs",
            "nom": "Effectifs",
            "type": "number",
          },
          {
            "dateDebut": "2018-01-01",
            "description": "Montant en euros des investissements consentis au cours du trimestre listés à l’<a href=\\"https://www.legifrance.gouv.fr/affichCodeArticle.do?idArticle=LEGIARTI000021850940&cidTexte=LEGITEXT000006069569\\" target=\\"_blank\\" title=\\"Page de l’article - site externe\\" rel=\\"noopener noreferrer\\">article 318 C de l’annexe II du code général des impôts</a>. Afin de bénéficier des déductions fiscales afférentes, les justificatifs attestant de la réalisation effective des investissements sont susceptibles de vous êtres demandés par l’administration.",
            "id": "environnement",
            "nom": "Dépenses relatives à la protection de l’environnement (euros)",
            "type": "number",
          },
        ],
        "id": "renseignements",
        "nom": undefined,
      },
      {
        "elements": [
          {
            "dateDebut": "2018-01-01",
            "id": "1",
            "nom": "Janvier",
            "options": [
              {
                "id": "nonDebutes",
                "nom": "non débutés",
              },
              {
                "id": "exploitationEnCours",
                "nom": "exploitation en cours",
              },
              {
                "id": "arretTemporaire",
                "nom": "arrêt temporaire",
              },
              {
                "id": "rehabilitation",
                "nom": "réhabilitation",
              },
              {
                "id": "arretDefinitif",
                "nom": "arrêt définitif (après réhabilitation)",
              },
            ],
            "periodeId": 1,
            "type": "checkboxes",
          },
          {
            "dateDebut": "2018-01-01",
            "id": "2",
            "nom": "Février",
            "options": [
              {
                "id": "nonDebutes",
                "nom": "non débutés",
              },
              {
                "id": "exploitationEnCours",
                "nom": "exploitation en cours",
              },
              {
                "id": "arretTemporaire",
                "nom": "arrêt temporaire",
              },
              {
                "id": "rehabilitation",
                "nom": "réhabilitation",
              },
              {
                "id": "arretDefinitif",
                "nom": "arrêt définitif (après réhabilitation)",
              },
            ],
            "periodeId": 1,
            "type": "checkboxes",
          },
          {
            "dateDebut": "2018-01-01",
            "id": "3",
            "nom": "Mars",
            "options": [
              {
                "id": "nonDebutes",
                "nom": "non débutés",
              },
              {
                "id": "exploitationEnCours",
                "nom": "exploitation en cours",
              },
              {
                "id": "arretTemporaire",
                "nom": "arrêt temporaire",
              },
              {
                "id": "rehabilitation",
                "nom": "réhabilitation",
              },
              {
                "id": "arretDefinitif",
                "nom": "arrêt définitif (après réhabilitation)",
              },
            ],
            "periodeId": 1,
            "type": "checkboxes",
          },
        ],
        "id": "travaux",
        "nom": "Statut des travaux",
      },
      {
        "elements": [
          {
            "dateDebut": "2018-01-01",
            "description": "Toute information sur les événements marquants du trimestre (accident, incident, arrêt ou suspension d’activité en précisant les raisons, évolution de l’exploitation, difficultés rencontrées, etc.).",
            "id": "texte",
            "optionnel": true,
            "type": "textarea",
          },
        ],
        "id": "complement",
        "nom": "Informations complémentaires",
      },
    ],
    "titreId": "titre-id",
    "typeId": "grp",
  },
  {
    "activiteStatutId": "abs",
    "annee": 2018,
    "date": "2018-07-01",
    "periodeId": 2,
    "sections": [
      {
        "elements": [
          {
            "dateDebut": "2018-01-01",
            "description": "Masse d’or brut en sortie de mine extrait au cours du trimestre (exemple : masse sous la forme de concentré gravimétrique).",
            "id": "orBrut",
            "nom": "Or brut extrait (g)",
            "type": "number",
          },
          {
            "description": "Masse en gramme de l’ensemble des produits contaminés envoyés en traitement au cours du trimestre.",
            "id": "mercure",
            "nom": "Mercure récupéré (g)",
            "type": "number",
          },
          {
            "dateDebut": "2018-01-01",
            "description": "Volume total en litre de carburant détaxé consommé au cours du trimestre par les travaux réalisés sur le chantier.",
            "id": "carburantDetaxe",
            "nom": "Carburant détaxé (l)",
            "type": "number",
          },
          {
            "description": "Volume total en litre de carburant conventionnel consommé au cours du trimestre par les travaux réalisés sur le chantier.",
            "id": "carburantConventionnel",
            "nom": "Carburant conventionnel (l)",
            "type": "number",
          },
          {
            "dateDebut": "2018-01-01",
            "description": "Nombre moyen de pompes actives au cours du trimestre utilisées sur le chantier (pompe à gravier, pompe de relevage…).",
            "id": "pompes",
            "nom": "Pompes actives",
            "type": "number",
          },
          {
            "dateDebut": "2018-01-01",
            "description": "Nombre moyen de pelles actives au cours du trimestre utilisées sur le chantier (aménagement, exploitation, réhabilitation).",
            "id": "pelles",
            "nom": "Pelles actives",
            "type": "number",
          },
          {
            "description": "Nombre moyen de salariés sur le chantier au cours du trimestre.",
            "id": "effectifs",
            "nom": "Effectifs",
            "type": "number",
          },
          {
            "dateDebut": "2018-01-01",
            "description": "Montant en euros des investissements consentis au cours du trimestre listés à l’<a href=\\"https://www.legifrance.gouv.fr/affichCodeArticle.do?idArticle=LEGIARTI000021850940&cidTexte=LEGITEXT000006069569\\" target=\\"_blank\\" title=\\"Page de l’article - site externe\\" rel=\\"noopener noreferrer\\">article 318 C de l’annexe II du code général des impôts</a>. Afin de bénéficier des déductions fiscales afférentes, les justificatifs attestant de la réalisation effective des investissements sont susceptibles de vous êtres demandés par l’administration.",
            "id": "environnement",
            "nom": "Dépenses relatives à la protection de l’environnement (euros)",
            "type": "number",
          },
        ],
        "id": "renseignements",
        "nom": undefined,
      },
      {
        "elements": [
          {
            "dateDebut": "2018-01-01",
            "id": "4",
            "nom": "Avril",
            "options": [
              {
                "id": "nonDebutes",
                "nom": "non débutés",
              },
              {
                "id": "exploitationEnCours",
                "nom": "exploitation en cours",
              },
              {
                "id": "arretTemporaire",
                "nom": "arrêt temporaire",
              },
              {
                "id": "rehabilitation",
                "nom": "réhabilitation",
              },
              {
                "id": "arretDefinitif",
                "nom": "arrêt définitif (après réhabilitation)",
              },
            ],
            "periodeId": 2,
            "type": "checkboxes",
          },
          {
            "dateDebut": "2018-01-01",
            "id": "5",
            "nom": "Mai",
            "options": [
              {
                "id": "nonDebutes",
                "nom": "non débutés",
              },
              {
                "id": "exploitationEnCours",
                "nom": "exploitation en cours",
              },
              {
                "id": "arretTemporaire",
                "nom": "arrêt temporaire",
              },
              {
                "id": "rehabilitation",
                "nom": "réhabilitation",
              },
              {
                "id": "arretDefinitif",
                "nom": "arrêt définitif (après réhabilitation)",
              },
            ],
            "periodeId": 2,
            "type": "checkboxes",
          },
          {
            "dateDebut": "2018-01-01",
            "id": "6",
            "nom": "Juin",
            "options": [
              {
                "id": "nonDebutes",
                "nom": "non débutés",
              },
              {
                "id": "exploitationEnCours",
                "nom": "exploitation en cours",
              },
              {
                "id": "arretTemporaire",
                "nom": "arrêt temporaire",
              },
              {
                "id": "rehabilitation",
                "nom": "réhabilitation",
              },
              {
                "id": "arretDefinitif",
                "nom": "arrêt définitif (après réhabilitation)",
              },
            ],
            "periodeId": 2,
            "type": "checkboxes",
          },
        ],
        "id": "travaux",
        "nom": "Statut des travaux",
      },
      {
        "elements": [
          {
            "dateDebut": "2018-01-01",
            "description": "Toute information sur les événements marquants du trimestre (accident, incident, arrêt ou suspension d’activité en précisant les raisons, évolution de l’exploitation, difficultés rencontrées, etc.).",
            "id": "texte",
            "optionnel": true,
            "type": "textarea",
          },
        ],
        "id": "complement",
        "nom": "Informations complémentaires",
      },
    ],
    "titreId": "titre-id",
    "typeId": "grp",
  },
  {
    "activiteStatutId": "abs",
    "annee": 2018,
    "date": "2018-10-01",
    "periodeId": 3,
    "sections": [
      {
        "elements": [
          {
            "dateDebut": "2018-01-01",
            "description": "Masse d’or brut en sortie de mine extrait au cours du trimestre (exemple : masse sous la forme de concentré gravimétrique).",
            "id": "orBrut",
            "nom": "Or brut extrait (g)",
            "type": "number",
          },
          {
            "description": "Masse en gramme de l’ensemble des produits contaminés envoyés en traitement au cours du trimestre.",
            "id": "mercure",
            "nom": "Mercure récupéré (g)",
            "type": "number",
          },
          {
            "dateDebut": "2018-01-01",
            "description": "Volume total en litre de carburant détaxé consommé au cours du trimestre par les travaux réalisés sur le chantier.",
            "id": "carburantDetaxe",
            "nom": "Carburant détaxé (l)",
            "type": "number",
          },
          {
            "description": "Volume total en litre de carburant conventionnel consommé au cours du trimestre par les travaux réalisés sur le chantier.",
            "id": "carburantConventionnel",
            "nom": "Carburant conventionnel (l)",
            "type": "number",
          },
          {
            "dateDebut": "2018-01-01",
            "description": "Nombre moyen de pompes actives au cours du trimestre utilisées sur le chantier (pompe à gravier, pompe de relevage…).",
            "id": "pompes",
            "nom": "Pompes actives",
            "type": "number",
          },
          {
            "dateDebut": "2018-01-01",
            "description": "Nombre moyen de pelles actives au cours du trimestre utilisées sur le chantier (aménagement, exploitation, réhabilitation).",
            "id": "pelles",
            "nom": "Pelles actives",
            "type": "number",
          },
          {
            "description": "Nombre moyen de salariés sur le chantier au cours du trimestre.",
            "id": "effectifs",
            "nom": "Effectifs",
            "type": "number",
          },
          {
            "dateDebut": "2018-01-01",
            "description": "Montant en euros des investissements consentis au cours du trimestre listés à l’<a href=\\"https://www.legifrance.gouv.fr/affichCodeArticle.do?idArticle=LEGIARTI000021850940&cidTexte=LEGITEXT000006069569\\" target=\\"_blank\\" title=\\"Page de l’article - site externe\\" rel=\\"noopener noreferrer\\">article 318 C de l’annexe II du code général des impôts</a>. Afin de bénéficier des déductions fiscales afférentes, les justificatifs attestant de la réalisation effective des investissements sont susceptibles de vous êtres demandés par l’administration.",
            "id": "environnement",
            "nom": "Dépenses relatives à la protection de l’environnement (euros)",
            "type": "number",
          },
        ],
        "id": "renseignements",
        "nom": undefined,
      },
      {
        "elements": [
          {
            "dateDebut": "2018-01-01",
            "id": "7",
            "nom": "Juillet",
            "options": [
              {
                "id": "nonDebutes",
                "nom": "non débutés",
              },
              {
                "id": "exploitationEnCours",
                "nom": "exploitation en cours",
              },
              {
                "id": "arretTemporaire",
                "nom": "arrêt temporaire",
              },
              {
                "id": "rehabilitation",
                "nom": "réhabilitation",
              },
              {
                "id": "arretDefinitif",
                "nom": "arrêt définitif (après réhabilitation)",
              },
            ],
            "periodeId": 3,
            "type": "checkboxes",
          },
          {
            "dateDebut": "2018-01-01",
            "id": "8",
            "nom": "Août",
            "options": [
              {
                "id": "nonDebutes",
                "nom": "non débutés",
              },
              {
                "id": "exploitationEnCours",
                "nom": "exploitation en cours",
              },
              {
                "id": "arretTemporaire",
                "nom": "arrêt temporaire",
              },
              {
                "id": "rehabilitation",
                "nom": "réhabilitation",
              },
              {
                "id": "arretDefinitif",
                "nom": "arrêt définitif (après réhabilitation)",
              },
            ],
            "periodeId": 3,
            "type": "checkboxes",
          },
          {
            "dateDebut": "2018-01-01",
            "id": "9",
            "nom": "Septembre",
            "options": [
              {
                "id": "nonDebutes",
                "nom": "non débutés",
              },
              {
                "id": "exploitationEnCours",
                "nom": "exploitation en cours",
              },
              {
                "id": "arretTemporaire",
                "nom": "arrêt temporaire",
              },
              {
                "id": "rehabilitation",
                "nom": "réhabilitation",
              },
              {
                "id": "arretDefinitif",
                "nom": "arrêt définitif (après réhabilitation)",
              },
            ],
            "periodeId": 3,
            "type": "checkboxes",
          },
        ],
        "id": "travaux",
        "nom": "Statut des travaux",
      },
      {
        "elements": [
          {
            "dateDebut": "2018-01-01",
            "description": "Toute information sur les événements marquants du trimestre (accident, incident, arrêt ou suspension d’activité en précisant les raisons, évolution de l’exploitation, difficultés rencontrées, etc.).",
            "id": "texte",
            "optionnel": true,
            "type": "textarea",
          },
        ],
        "id": "complement",
        "nom": "Informations complémentaires",
      },
    ],
    "titreId": "titre-id",
    "typeId": "grp",
  },
  {
    "activiteStatutId": "abs",
    "annee": 2018,
    "date": "2019-01-01",
    "periodeId": 4,
    "sections": [
      {
        "elements": [
          {
            "dateDebut": "2018-01-01",
            "description": "Masse d’or brut en sortie de mine extrait au cours du trimestre (exemple : masse sous la forme de concentré gravimétrique).",
            "id": "orBrut",
            "nom": "Or brut extrait (g)",
            "type": "number",
          },
          {
            "description": "Masse en gramme de l’ensemble des produits contaminés envoyés en traitement au cours du trimestre.",
            "id": "mercure",
            "nom": "Mercure récupéré (g)",
            "type": "number",
          },
          {
            "dateDebut": "2018-01-01",
            "description": "Volume total en litre de carburant détaxé consommé au cours du trimestre par les travaux réalisés sur le chantier.",
            "id": "carburantDetaxe",
            "nom": "Carburant détaxé (l)",
            "type": "number",
          },
          {
            "description": "Volume total en litre de carburant conventionnel consommé au cours du trimestre par les travaux réalisés sur le chantier.",
            "id": "carburantConventionnel",
            "nom": "Carburant conventionnel (l)",
            "type": "number",
          },
          {
            "dateDebut": "2018-01-01",
            "description": "Nombre moyen de pompes actives au cours du trimestre utilisées sur le chantier (pompe à gravier, pompe de relevage…).",
            "id": "pompes",
            "nom": "Pompes actives",
            "type": "number",
          },
          {
            "dateDebut": "2018-01-01",
            "description": "Nombre moyen de pelles actives au cours du trimestre utilisées sur le chantier (aménagement, exploitation, réhabilitation).",
            "id": "pelles",
            "nom": "Pelles actives",
            "type": "number",
          },
          {
            "description": "Nombre moyen de salariés sur le chantier au cours du trimestre.",
            "id": "effectifs",
            "nom": "Effectifs",
            "type": "number",
          },
          {
            "dateDebut": "2018-01-01",
            "description": "Montant en euros des investissements consentis au cours du trimestre listés à l’<a href=\\"https://www.legifrance.gouv.fr/affichCodeArticle.do?idArticle=LEGIARTI000021850940&cidTexte=LEGITEXT000006069569\\" target=\\"_blank\\" title=\\"Page de l’article - site externe\\" rel=\\"noopener noreferrer\\">article 318 C de l’annexe II du code général des impôts</a>. Afin de bénéficier des déductions fiscales afférentes, les justificatifs attestant de la réalisation effective des investissements sont susceptibles de vous êtres demandés par l’administration.",
            "id": "environnement",
            "nom": "Dépenses relatives à la protection de l’environnement (euros)",
            "type": "number",
          },
        ],
        "id": "renseignements",
        "nom": undefined,
      },
      {
        "elements": [
          {
            "dateDebut": "2018-01-01",
            "id": "10",
            "nom": "Octobre",
            "options": [
              {
                "id": "nonDebutes",
                "nom": "non débutés",
              },
              {
                "id": "exploitationEnCours",
                "nom": "exploitation en cours",
              },
              {
                "id": "arretTemporaire",
                "nom": "arrêt temporaire",
              },
              {
                "id": "rehabilitation",
                "nom": "réhabilitation",
              },
              {
                "id": "arretDefinitif",
                "nom": "arrêt définitif (après réhabilitation)",
              },
            ],
            "periodeId": 4,
            "type": "checkboxes",
          },
          {
            "dateDebut": "2018-01-01",
            "id": "11",
            "nom": "Novembre",
            "options": [
              {
                "id": "nonDebutes",
                "nom": "non débutés",
              },
              {
                "id": "exploitationEnCours",
                "nom": "exploitation en cours",
              },
              {
                "id": "arretTemporaire",
                "nom": "arrêt temporaire",
              },
              {
                "id": "rehabilitation",
                "nom": "réhabilitation",
              },
              {
                "id": "arretDefinitif",
                "nom": "arrêt définitif (après réhabilitation)",
              },
            ],
            "periodeId": 4,
            "type": "checkboxes",
          },
          {
            "dateDebut": "2018-01-01",
            "id": "12",
            "nom": "Décembre",
            "options": [
              {
                "id": "nonDebutes",
                "nom": "non débutés",
              },
              {
                "id": "exploitationEnCours",
                "nom": "exploitation en cours",
              },
              {
                "id": "arretTemporaire",
                "nom": "arrêt temporaire",
              },
              {
                "id": "rehabilitation",
                "nom": "réhabilitation",
              },
              {
                "id": "arretDefinitif",
                "nom": "arrêt définitif (après réhabilitation)",
              },
            ],
            "periodeId": 4,
            "type": "checkboxes",
          },
        ],
        "id": "travaux",
        "nom": "Statut des travaux",
      },
      {
        "elements": [
          {
            "dateDebut": "2018-01-01",
            "description": "Toute information sur les événements marquants du trimestre (accident, incident, arrêt ou suspension d’activité en précisant les raisons, évolution de l’exploitation, difficultés rencontrées, etc.).",
            "id": "texte",
            "optionnel": true,
            "type": "textarea",
          },
        ],
        "id": "complement",
        "nom": "Informations complémentaires",
      },
    ],
    "titreId": "titre-id",
    "typeId": "grp",
  },
]
`;
