<div class="mb-xxl">
  <h3>Emails à notifier lors du dépôt d’un type d’activité</h3>
  <div class="tablet-blob-3-4">
    <div class="h6">
      <p>Lors d’un dépôt d’une activité d’un type en particulier<span><strong> si la production annuelle est non nulle</strong></span>, quels sont les emails à notifier ?</p>
    </div>
  </div>
  <div class="line width-full"></div>
  <div class="width-full-p">
    <div class="overflow-scroll-x mb">
      <table>
        <tr>
          <th>Type d'activité</th>
          <th>Email</th>
          <th>Actions</th>
        </tr>
        <tr>
          <td><select class="py-xs px-s mr-s mt-xs">
              <option value="gra">Rapport d'exploitation (permis et concessions M) (GRA)</option>
              <option value="grp">Rapport trimestriel d'exploitation d'or en Guyane (GRP)</option>
              <option value="grx">Rapport d'exploitation (autorisations M) (GRX)</option>
              <option value="pma">Rapport d’intensité d’exploration (PMA)</option>
              <option value="pmb">Rapport financier d'exploration (PMB)</option>
              <option value="pmc">Rapport environnemental d'exploration (PMC)</option>
              <option value="pmd">Rapport social et économique d'exploration (PMD)</option>
              <option value="wrp">Rapport d'exploitation (permis et concessions W) (WRP)</option>
            </select></td>
          <td><input type="email" class="py-xs mt-xs" placeholder="Email"></td>
          <td><button class="py-s px-m btn rnd-xs p-s" disabled=""><svg style="display: block;" xmlns="http://www.w3.org/2000/svg" width="24px" height="24px" viewBox="0 0 24 24" aria-labelledby="plus" role="application" fill="#666" tabindex="-1">
                <use href="#icon-plus"></use>
              </svg></button></td>
        </tr>
        <tr>
          <td><span class="cap-first">Rapport d'exploitation (autorisations M) (GRX)</span></td>
          <td>foo@bar.co</td>
          <td><button class="btn-border py-s px-m my--xs rnd-xs flex-right"><svg style="display: block;" xmlns="http://www.w3.org/2000/svg" width="24px" height="24px" viewBox="0 0 24 24" aria-labelledby="delete" role="application" fill="#666" tabindex="-1">
                <use href="#icon-delete"></use>
              </svg></button></td>
        </tr>
        <tr>
          <td><span class="cap-first">Rapport d’intensité d’exploration (PMA)</span></td>
          <td>toto@tata.com</td>
          <td><button class="btn-border py-s px-m my--xs rnd-xs flex-right"><svg style="display: block;" xmlns="http://www.w3.org/2000/svg" width="24px" height="24px" viewBox="0 0 24 24" aria-labelledby="delete" role="application" fill="#666" tabindex="-1">
                <use href="#icon-delete"></use>
              </svg></button></td>
        </tr>
      </table>
    </div>
  </div>
</div>