<div class="bg-success inline-block small bold color-bg pill py-xs px-s">Mon statut</div>