<div id="plop_wrapper" class="_typeahead_8eddf1">
  <div class="flex typeahead-wrapper"><input id="plop" type="text" name="plop" class="_typeahead-input_8eddf1 fr-input" placeholder="placeholder" autocomplete="off"></div>
  <!---->
</div>