<div id="ello_wrapper" class="_typeahead_8eddf1">
  <div class="flex typeahead-wrapper">
    <!----><input id="ello" type="text" name="ello" class="_typeahead-input_8eddf1 fr-input" placeholder="placeholder" autocomplete="off">
  </div>
  <!---->
</div>