<div>
  <div class="tablet-blobs">
    <div class="tablet-blob-1-4">
      <h5>Un radio bouton</h5>
    </div>
    <div class="tablet-blob-3-4">
      <p class="cap-first ">Oui
        <!---->
      </p>
      <!---->
    </div>
  </div>
  <div class="tablet-blobs">
    <div class="tablet-blob-1-4">
      <h5>Un autre radio bouton</h5>
    </div>
    <div class="tablet-blob-3-4">
      <p class="cap-first ">Non
        <!---->
      </p>
      <!---->
    </div>
  </div>
</div>