<div class="tablet-blobs">
  <div class="tablet-blob-1-4">
    <h5>nom de l'élément</h5>
  </div>
  <div class="tablet-blob-3-4">
    <p class="cap-first mb-s">Valeur
      <!---->
    </p>
    <p class="h6"><span>description</span></p>
  </div>
</div>