// Jest Snapshot v1, https://goo.gl/fbAQLP

exports[`canEditDuree "apc" 1`] = `true`;

exports[`canEditDuree "aph" 1`] = `true`;

exports[`canEditDuree "apm" 1`] = `true`;

exports[`canEditDuree "apw" 1`] = `true`;

exports[`canEditDuree "arc" 1`] = `true`;

exports[`canEditDuree "arg" 1`] = `true`;

exports[`canEditDuree "arm" 1`] = `false`;

exports[`canEditDuree "axm" 1`] = `true`;

exports[`canEditDuree "cxf" 1`] = `true`;

exports[`canEditDuree "cxg" 1`] = `true`;

exports[`canEditDuree "cxh" 1`] = `true`;

exports[`canEditDuree "cxi" 1`] = `true`;

exports[`canEditDuree "cxm" 1`] = `true`;

exports[`canEditDuree "cxr" 1`] = `true`;

exports[`canEditDuree "cxs" 1`] = `true`;

exports[`canEditDuree "cxw" 1`] = `true`;

exports[`canEditDuree "inh" 1`] = `true`;

exports[`canEditDuree "ini" 1`] = `true`;

exports[`canEditDuree "inm" 1`] = `true`;

exports[`canEditDuree "inr" 1`] = `true`;

exports[`canEditDuree "pcc" 1`] = `true`;

exports[`canEditDuree "prf" 1`] = `true`;

exports[`canEditDuree "prg" 1`] = `true`;

exports[`canEditDuree "prh" 1`] = `true`;

exports[`canEditDuree "pri" 1`] = `true`;

exports[`canEditDuree "prm" 1`] = `true`;

exports[`canEditDuree "prr" 1`] = `true`;

exports[`canEditDuree "prs" 1`] = `true`;

exports[`canEditDuree "prw" 1`] = `true`;

exports[`canEditDuree "pxf" 1`] = `true`;

exports[`canEditDuree "pxg" 1`] = `true`;

exports[`canEditDuree "pxh" 1`] = `true`;

exports[`canEditDuree "pxi" 1`] = `true`;

exports[`canEditDuree "pxm" 1`] = `true`;

exports[`canEditDuree "pxr" 1`] = `true`;

exports[`canEditDuree "pxw" 1`] = `true`;
