// Vitest Snapshot v1, https://vitest.dev/guide/snapshot.html

exports[`canReadTravaux 1`] = `
[
  {
    "canReadTravaux": true,
    "role": "super",
  },
  {
    "canReadTravaux": true,
    "role": "admin",
  },
  {
    "canReadTravaux": true,
    "role": "editeur",
  },
  {
    "canReadTravaux": true,
    "role": "lecteur",
  },
  {
    "canReadTravaux": false,
    "role": "entreprise",
  },
  {
    "canReadTravaux": false,
    "role": "bureau d’études",
  },
  {
    "canReadTravaux": false,
    "role": "defaut",
  },
]
`;
