<div class="bg-neutral inline-block small bold color-bg pill py-xs px-s">Hello</div>