<div class="dsfr">
  <dialog id="monId" class="fr-modal" role="dialog" aria-labelledby="monId-title">
    <div class="fr-container fr-container--fluid fr-container-md">
      <div class="fr-grid-row fr-grid-row--center">
        <div class="fr-col-12 fr-col-md-8 fr-col-lg-6">
          <div class="fr-modal__body">
            <div class="fr-modal__header"><button class="fr-btn--close fr-btn" aria-controls="monId" title="Fermer">Fermer</button></div>
            <div class="fr-modal__content">
              <h1 id="monId-title" class="fr-modal__title"><span class="fr-icon-arrow-right-line fr-icon--lg" aria-hidden="true"></span>Titre de la popup</h1>
              <div class="fr-container">
                <div><input type="text" class="tablet-blob-2-3 p-s">
                  <div class="bg-warning color-bg p-s mb-l"><span class="bold"> Attention </span>: cette opération est définitive et ne peut pas être annulée.</div>
                </div>
              </div>
            </div>
            <div class="fr-modal__footer">
              <ul class="fr-btns-group fr-btns-group--right fr-btns-group--inline-reverse fr-btns-group--inline-lg fr-btns-group--icon-left">
                <li>
                  <div class="" style=""><button class="fr-btn fr-icon-check-line fr-btn--icon-left disabled" disabled="">Enregistrer</button>
                    <!---->
                    <!---->
                  </div>
                </li>
                <li><button class="fr-btn fr-icon-arrow-go-back-fill fr-btn--icon-left fr-btn--secondary" aria-controls="monId">Annuler</button></li>
              </ul>
            </div>
          </div>
        </div>
      </div>
    </div>
  </dialog>
</div>