<div style="white-space: nowrap;">undefined-undefined-Une date</div>