<div class="sticky-header width-full">
  <div class="container">
    <div class="tablet-blobs">
      <div class="tablet-blob-1-2">
        <h1 class="mt-m mb-m">Nom titre</h1>
      </div>
      <div class="tablet-blob-1-2 flex">
        <div class="flex-right flex my-s"><button class="btn small rnd-0 rnd-l-xs px-m py-s lh-2 mr-px btn-primary"><span class="mt-xs">S’abonner au titre</span></button><button class="btn-border small px-m py-s lh-2 mr-px null"><span class="mt-xs nowrap">Signaler une erreur…</span></button><button class="btn py-s px-m mr-px null"><svg style="display: block;" xmlns="http://www.w3.org/2000/svg" width="24px" height="24px" viewBox="0 0 24 24" aria-labelledby="pencil" role="application" fill="#666" tabindex="-1">
              <use href="#icon-pencil"></use>
            </svg></button><button class="btn rnd-r-xs py-s px-m"><svg style="display: block;" xmlns="http://www.w3.org/2000/svg" width="24px" height="24px" viewBox="0 0 24 24" aria-labelledby="delete" role="application" fill="#666" tabindex="-1">
              <use href="#icon-delete"></use>
            </svg></button></div>
      </div>
    </div>
    <div class="line width-full"></div>
  </div>
</div>