<div class="sticky-header width-full">
  <div class="container">
    <div class="tablet-blobs">
      <div class="tablet-blob-1-2">
        <h1 class="mt-m mb-m">Nom titre</h1>
      </div>
      <div class="tablet-blob-1-2 flex">
        <div class="flex-right flex my-s"><button class="btn small rnd-0 rnd-l-xs px-m py-s lh-2 mr-px btn-primary"><span class="mt-xs">S’abonner au titre</span></button><button class="btn-border small px-m py-s lh-2 rnd-r-xs null"><span class="mt-xs nowrap">Signaler une erreur…</span></button>
          <!---->
          <!---->
        </div>
      </div>
    </div>
    <div class="line width-full"></div>
  </div>
</div>