// Jest Snapshot v1, https://goo.gl/fbAQLP

exports[`matrices buildMatrices 1`] = `
Object {
  "matrice1121": Array [
    Object {
      "Base des redevances | Nature": "Kilogramme d'or contenu",
      "Base des redevances | Quantités": "12.243",
      "Commune du lieu principal d'exploitation": "Roura",
      "Désignation et adresse des concessionnaires, titulaires de permis d’exploitation ou exploitants": "titulaire1 - ladresse1 - legalSiren1 SIREN",
      "Frais de gestion de la fiscalité directe locale": 79.4616,
      "Nature des substances extraites": "Minerais aurifères",
      "Numéro d'ordre de la matrice": 1,
      "Numéro de l'article du rôle": "slug-titre-1",
      "Redevance communale | Montant net redevance des mines": 284.71,
      "Redevance communale | Tarifs": 166.3,
      "Redevance départementale | Montant net": 56.27,
      "Redevance départementale | Tarifs": 33.2,
      "Service de la Direction générale des Finances publiques en charge du recouvrement": "Direction régionale des finances publiques (DRFIP) - Guyane",
      "Taxe minière sur l'or de Guyane | Montant des investissements déduits": 200,
      "Taxe minière sur l'or de Guyane | Montant net de taxe minière sur l'or de Guyane": 652.29,
      "Taxe minière sur l'or de Guyane | Tarifs par kg extrait pour les PME": 498.06,
      "Taxe minière sur l'or de Guyane | Tarifs par kg extrait pour les autres entreprises": 0,
      "Total redevance des mines": 340.97999999999996,
    },
    Object {
      "Base des redevances | Nature": "Kilogramme d'or contenu",
      "Base des redevances | Quantités": "1.008",
      "Commune du lieu principal d'exploitation": "Sinnamary",
      "Désignation et adresse des concessionnaires, titulaires de permis d’exploitation ou exploitants": "titulaire2 - ladresse2 - legalSiren2 SIREN",
      "Frais de gestion de la fiscalité directe locale": 56.255199999999995,
      "Nature des substances extraites": "Minerais aurifères",
      "Numéro d'ordre de la matrice": 2,
      "Numéro de l'article du rôle": "slug-titre-2",
      "Redevance communale | Montant net redevance des mines": 167.64,
      "Redevance communale | Tarifs": 166.3,
      "Redevance départementale | Montant net": 33.47,
      "Redevance départementale | Tarifs": 33.2,
      "Service de la Direction générale des Finances publiques en charge du recouvrement": "Direction régionale des finances publiques (DRFIP) - Guyane",
      "Taxe minière sur l'or de Guyane | Montant des investissements déduits": 0,
      "Taxe minière sur l'or de Guyane | Montant net de taxe minière sur l'or de Guyane": 502.08,
      "Taxe minière sur l'or de Guyane | Tarifs par kg extrait pour les PME": 498.06,
      "Taxe minière sur l'or de Guyane | Tarifs par kg extrait pour les autres entreprises": 0,
      "Total redevance des mines": 201.10999999999999,
    },
    Object {
      "Base des redevances | Nature": "Kilogramme d'or contenu",
      "Base des redevances | Quantités": "2.151",
      "Commune du lieu principal d'exploitation": "Sinnamary",
      "Désignation et adresse des concessionnaires, titulaires de permis d’exploitation ou exploitants": "titulaire2 - ladresse2 - legalSiren2 SIREN",
      "Frais de gestion de la fiscalité directe locale": 120.03759999999998,
      "Nature des substances extraites": "Minerais aurifères",
      "Numéro d'ordre de la matrice": 3,
      "Numéro de l'article du rôle": "slug-titre-2",
      "Redevance communale | Montant net redevance des mines": 357.72,
      "Redevance communale | Tarifs": 166.3,
      "Redevance départementale | Montant net": 71.41,
      "Redevance départementale | Tarifs": 33.2,
      "Service de la Direction générale des Finances publiques en charge du recouvrement": "Direction régionale des finances publiques (DRFIP) - Guyane",
      "Taxe minière sur l'or de Guyane | Montant des investissements déduits": 0,
      "Taxe minière sur l'or de Guyane | Montant net de taxe minière sur l'or de Guyane": 1071.34,
      "Taxe minière sur l'or de Guyane | Tarifs par kg extrait pour les PME": 498.06,
      "Taxe minière sur l'or de Guyane | Tarifs par kg extrait pour les autres entreprises": 0,
      "Total redevance des mines": 429.13,
    },
    Object {
      "Base des redevances | Nature": "Kilogramme d'or contenu",
      "Base des redevances | Quantités": "6.118",
      "Commune du lieu principal d'exploitation": "Saint-Laurent-du-Maroni",
      "Désignation et adresse des concessionnaires, titulaires de permis d’exploitation ou exploitants": "titulaire3 - ladresse3 - legalSiren3 SIREN",
      "Frais de gestion de la fiscalité directe locale": 1125.5896,
      "Nature des substances extraites": "Minerais aurifères",
      "Numéro d'ordre de la matrice": 4,
      "Numéro de l'article du rôle": "slug-titre-3",
      "Redevance communale | Montant net redevance des mines": 933.47,
      "Redevance communale | Tarifs": 166.3,
      "Redevance départementale | Montant net": 186.13,
      "Redevance départementale | Tarifs": 33.2,
      "Service de la Direction générale des Finances publiques en charge du recouvrement": "Direction régionale des finances publiques (DRFIP) - Guyane",
      "Taxe minière sur l'or de Guyane | Montant des investissements déduits": 5000,
      "Taxe minière sur l'or de Guyane | Montant net de taxe minière sur l'or de Guyane": 12950.27,
      "Taxe minière sur l'or de Guyane | Tarifs par kg extrait pour les PME": 498.06,
      "Taxe minière sur l'or de Guyane | Tarifs par kg extrait pour les autres entreprises": 0,
      "Total redevance des mines": 1119.6,
    },
  ],
  "matrice1122": Array [
    Object {
      "Communes sur le territoire desquels fonctionnent les exploitations": "Roura (1)",
      "Départements sur le territoire desquels fonctionnent les exploitations": "Guyane",
      "Désignation des concessionnaires": "titulaire1 - ladresse1 - legalSiren1 SIREN",
      "Désignation des concessions": "slug-titre-1",
      "Numéro d'ordre de la matrice": 1,
      "Observations": "production en kilogramme d'or",
      "Tonnages extraits ou cours de l'année précédente | par commune": "12.243",
      "Tonnages extraits ou cours de l'année précédente | par département": "12.243",
    },
    Object {
      "Communes sur le territoire desquels fonctionnent les exploitations": "Saint-Élie (0.3191007)",
      "Départements sur le territoire desquels fonctionnent les exploitations": "Guyane",
      "Désignation des concessionnaires": "titulaire2 - ladresse2 - legalSiren2 SIREN",
      "Désignation des concessions": "slug-titre-2",
      "Numéro d'ordre de la matrice": 2,
      "Observations": "production en kilogramme d'or",
      "Tonnages extraits ou cours de l'année précédente | par commune": "1.008",
      "Tonnages extraits ou cours de l'année précédente | par département": "1.008",
    },
    Object {
      "Communes sur le territoire desquels fonctionnent les exploitations": "Sinnamary (0.6808993)",
      "Départements sur le territoire desquels fonctionnent les exploitations": "Guyane",
      "Désignation des concessionnaires": "titulaire2 - ladresse2 - legalSiren2 SIREN",
      "Désignation des concessions": "slug-titre-2",
      "Numéro d'ordre de la matrice": 3,
      "Observations": "production en kilogramme d'or",
      "Tonnages extraits ou cours de l'année précédente | par commune": "2.151",
      "Tonnages extraits ou cours de l'année précédente | par département": "2.151",
    },
    Object {
      "Communes sur le territoire desquels fonctionnent les exploitations": "Saint-Laurent-du-Maroni (1)",
      "Départements sur le territoire desquels fonctionnent les exploitations": "Guyane",
      "Désignation des concessionnaires": "titulaire3 - ladresse3 - legalSiren3 SIREN",
      "Désignation des concessions": "slug-titre-3",
      "Numéro d'ordre de la matrice": 4,
      "Observations": "production en kilogramme d'or",
      "Tonnages extraits ou cours de l'année précédente | par commune": "6.118",
      "Tonnages extraits ou cours de l'année précédente | par département": "6.118",
    },
  ],
  "matrice1403": Array [
    Object {
      "Circonscription de": "SIP de Cayenne",
      "Nombre d'articles des rôles": 1,
      "Redevance communale": 284.71,
      "Redevance départementale": 56.27,
      "Sommes revenant au Conservatoire de biodiversité": 0,
      "Sommes revenant à l'État | Dégrèvements et non-valeurs": 0,
      "Sommes revenant à l'État | Frais d'assiette et de recouvrement": 79.4616,
      "Sommes revenant à l'État | Total": 79.4616,
      "Sommes revenant à la Région de Guyane": 652.29,
      "Taxe minière sur l'or de Guyane": 652.29,
      "Total des colonnes": 1072.7316,
    },
    Object {
      "Circonscription de": "SIP de Kourou",
      "Nombre d'articles des rôles": 2,
      "Redevance communale": 525.36,
      "Redevance départementale": 104.88,
      "Sommes revenant au Conservatoire de biodiversité": 0,
      "Sommes revenant à l'État | Dégrèvements et non-valeurs": 0,
      "Sommes revenant à l'État | Frais d'assiette et de recouvrement": 176.29279999999997,
      "Sommes revenant à l'État | Total": 176.29279999999997,
      "Sommes revenant à la Région de Guyane": 1573.4199999999998,
      "Taxe minière sur l'or de Guyane": 1573.4199999999998,
      "Total des colonnes": 2379.9528,
    },
    Object {
      "Circonscription de": "SIP de Saint-Laurent du Maroni",
      "Nombre d'articles des rôles": 1,
      "Redevance communale": 933.47,
      "Redevance départementale": 186.13,
      "Sommes revenant au Conservatoire de biodiversité": 0,
      "Sommes revenant à l'État | Dégrèvements et non-valeurs": 0,
      "Sommes revenant à l'État | Frais d'assiette et de recouvrement": 1125.5896,
      "Sommes revenant à l'État | Total": 1125.5896,
      "Sommes revenant à la Région de Guyane": 12950.27,
      "Taxe minière sur l'or de Guyane": 12950.27,
      "Total des colonnes": 15195.4596,
    },
  ],
  "matrice1404": Object {
    "cayenne": Array [
      Object {
        "Articles des rôles": 1,
        "Circonscription de": "SIP de Cayenne",
        "Communes": "Roura",
        "Départements": "Guyane",
        "Désignation des exploitants": "titulaire1 - ladresse1 - legalSiren1 SIREN",
        "Elements de base | Revenus imposables à la TFPB": 0,
        "Elements de base | Tonnages extraits": "12.243",
        "Redevance communale | Produit net de la redevance": 284.71,
        "Redevance communale | Revenant aux communes | 1ère fraction": 99.64849999999998,
        "Redevance communale | Revenant aux communes | 2ème fraction": 28.471,
        "Redevance communale | Revenant aux communes | Total": 128.1195,
        "Redevance communale | Répartition | 1ère fraction": 99.64849999999998,
        "Redevance communale | Répartition | 2ème fraction": 28.471,
        "Redevance communale | Répartition | 3ème fraction": 156.5905,
        "Redevance départementale | Produit net de la redevance": 56.27,
        "Redevance départementale | Sommes revenant aux départements": 56.27,
        "Taxe minière sur l'or de Guyane | Produit net": 652.29,
        "Taxe minière sur l'or de Guyane | Répartition | Conservatoire": 0,
        "Taxe minière sur l'or de Guyane | Répartition | Région de Guyane": 652.29,
      },
    ],
    "kourou": Array [
      Object {
        "Articles des rôles": 2,
        "Circonscription de": "SIP de Kourou",
        "Communes": "Saint-Élie",
        "Départements": "Guyane",
        "Désignation des exploitants": "titulaire2 - ladresse2 - legalSiren2 SIREN",
        "Elements de base | Revenus imposables à la TFPB": 0,
        "Elements de base | Tonnages extraits": "1.008",
        "Redevance communale | Produit net de la redevance": 167.64,
        "Redevance communale | Revenant aux communes | 1ère fraction": 58.67399999999999,
        "Redevance communale | Revenant aux communes | 2ème fraction": 16.764,
        "Redevance communale | Revenant aux communes | Total": 75.43799999999999,
        "Redevance communale | Répartition | 1ère fraction": 58.67399999999999,
        "Redevance communale | Répartition | 2ème fraction": 16.764,
        "Redevance communale | Répartition | 3ème fraction": 92.202,
        "Redevance départementale | Produit net de la redevance": 33.47,
        "Redevance départementale | Sommes revenant aux départements": 33.47,
        "Taxe minière sur l'or de Guyane | Produit net": 502.08,
        "Taxe minière sur l'or de Guyane | Répartition | Conservatoire": 0,
        "Taxe minière sur l'or de Guyane | Répartition | Région de Guyane": 502.08,
      },
      Object {
        "Articles des rôles": 3,
        "Circonscription de": "SIP de Kourou",
        "Communes": "Sinnamary",
        "Départements": "Guyane",
        "Désignation des exploitants": "titulaire2 - ladresse2 - legalSiren2 SIREN",
        "Elements de base | Revenus imposables à la TFPB": 0,
        "Elements de base | Tonnages extraits": "2.151",
        "Redevance communale | Produit net de la redevance": 357.72,
        "Redevance communale | Revenant aux communes | 1ère fraction": 125.202,
        "Redevance communale | Revenant aux communes | 2ème fraction": 35.772000000000006,
        "Redevance communale | Revenant aux communes | Total": 160.974,
        "Redevance communale | Répartition | 1ère fraction": 125.202,
        "Redevance communale | Répartition | 2ème fraction": 35.772000000000006,
        "Redevance communale | Répartition | 3ème fraction": 196.74600000000004,
        "Redevance départementale | Produit net de la redevance": 71.41,
        "Redevance départementale | Sommes revenant aux départements": 71.41,
        "Taxe minière sur l'or de Guyane | Produit net": 1071.34,
        "Taxe minière sur l'or de Guyane | Répartition | Conservatoire": 0,
        "Taxe minière sur l'or de Guyane | Répartition | Région de Guyane": 1071.34,
      },
    ],
    "saintLaurentDuMaroni": Array [
      Object {
        "Articles des rôles": 4,
        "Circonscription de": "SIP de Saint-Laurent du Maroni",
        "Communes": "Saint-Laurent-du-Maroni",
        "Départements": "Guyane",
        "Désignation des exploitants": "titulaire3 - ladresse3 - legalSiren3 SIREN",
        "Elements de base | Revenus imposables à la TFPB": 0,
        "Elements de base | Tonnages extraits": "6.118",
        "Redevance communale | Produit net de la redevance": 933.47,
        "Redevance communale | Revenant aux communes | 1ère fraction": 326.7145,
        "Redevance communale | Revenant aux communes | 2ème fraction": 93.34700000000001,
        "Redevance communale | Revenant aux communes | Total": 420.0615,
        "Redevance communale | Répartition | 1ère fraction": 326.7145,
        "Redevance communale | Répartition | 2ème fraction": 93.34700000000001,
        "Redevance communale | Répartition | 3ème fraction": 513.4085,
        "Redevance départementale | Produit net de la redevance": 186.13,
        "Redevance départementale | Sommes revenant aux départements": 186.13,
        "Taxe minière sur l'or de Guyane | Produit net": 12950.27,
        "Taxe minière sur l'or de Guyane | Répartition | Conservatoire": 0,
        "Taxe minière sur l'or de Guyane | Répartition | Région de Guyane": 12950.27,
      },
    ],
  },
}
`;
