<div class="desktop-blobs">
  <div class="desktop-blob-1-2">
    <div class="rnd-b-s bg-alt pt px overflow-auto">
      <h4 class="mb">
        <div class="bg-domaine-m inline-block small bold color-bg pill py-xs px-s mono mr-s">M</div><span class="cap-first">autorisation de recherches</span>
      </h4>
      <div class="mb">
        <div class="bg-success inline-block small bold color-bg pill py-xs px-s">Valide</div>
      </div>
      <div class="mb bg-bg mx--m px-m pt-xs pb-s rnd-xs">
        <table class="table-xxs full-x mb-0">
          <tr>
            <th class="max-width-1"></th>
            <th>Phase</th>
            <th>Début</th>
            <th>Fin</th>
          </tr>
          <tr>
            <td class="max-width-1"><span class="bg-neutral pill dot mr-xs mt-xs"></span></td>
            <td><span class="cap-first bold h5 mb-0">octroi</span></td>
            <td><span class="h5 mb-0">01-01-2020</span></td>
            <td><span class="h5 mb-0">01-01-2022</span></td>
          </tr>
          <tr>
            <td class="max-width-1"><span class="bg-success pill dot mr-xs mt-xs"></span></td>
            <td><span class="cap-first bold h5 mb-0">prolongation</span></td>
            <td><span class="h5 mb-0">01-01-2022</span></td>
            <td><span class="h5 mb-0">01-01-2025</span></td>
          </tr>
        </table>
      </div>
      <div class="mb">
        <ul class="list-prefix h6">
          <li><span class="word-break fixed-width bold">Ifremer</span>2023/01</li>
        </ul>
      </div>
    </div>
  </div>
  <div class="desktop-blob-1-2 mt">
    <div>
      <div class="" style="">
        <div>
          <h5>Titre à l’origine de ce titre</h5>
          <div class="flex flex-center">
            <ul class="list-inline" style="margin-bottom: 0px;">
              <li class="mr-xs"><a to="{name:titre,params:{id:id11}}" class="btn-border small p-s rnd-xs mr-xs" type="primary"><span class="mr-xs">Titre père</span></a></li>
            </ul>
            <!---->
          </div>
        </div>
        <div>
          <h5>Titre issu de ce titre</h5>
          <div class="flex flex-center">
            <ul class="list-inline" style="margin-bottom: 0px;">
              <li class="mr-xs"><a to="{name:titre,params:{id:id10}}" class="btn-border small p-s rnd-xs mr-xs" type="primary"><span class="mr-xs">Titre fils</span></a></li>
            </ul>
          </div>
        </div>
        <!---->
        <!---->
      </div>
    </div>
    <div class="mb">
      <h5>Substances</h5>
      <ul class="list-inline">
        <li class="mr-xs mb-xs"><span class="bold cap-first small lh-2"><span class="bg-neutral py-xs px-s rnd-xs color-bg box">or</span></span></li>
        <li class="mr-xs mb-xs"><span class="bold cap-first small lh-2"><span class="bg-neutral py-xs px-s rnd-xs color-bg box">substances connexes</span></span></li>
      </ul>
    </div>
    <div class="mb">
      <h5>Titulaires</h5>
      <ul class="list-inline">
        <li class="mb-xs mr-xs"><a to="{name:entreprise,params:{id:entreprise1}}" class="btn-border small p-s rnd-xs mr-xs" type="primary"><span class="mr-xs">Entreprise 1 (Entreprise 1 Siren)</span><span class="bold cap-first small ml-xs"><span class="bg-info py-xxs px-xs rnd-xs color-bg box">Opérateur</span></span></a></li>
        <li class="mb-xs mr-xs"><a to="{name:entreprise,params:{id:entreprise2}}" class="btn-border small p-s rnd-xs mr-xs" type="primary"><span class="mr-xs">Entreprise 2 (Entreprise 2 Siren)</span>
            <!---->
          </a></li>
      </ul>
    </div>
    <div class="mb">
      <h5>Amodiataire</h5>
      <ul class="list-inline">
        <li class="mb-xs mr-xs"><a to="{name:entreprise,params:{id:entreprise3}}" class="btn-border small p-s rnd-xs mr-xs" type="primary"><span class="mr-xs">Entreprise 3 (Entreprise 3 Siren)</span>
            <!---->
          </a></li>
      </ul>
    </div>
    <div class="" style="">
      <div>
        <!---->
        <div class="tablet-blobs">
          <div class="tablet-blob-1-4">
            <h5>element</h5>
          </div>
          <div class="tablet-blob-3-4">
            <p class="cap-first ">Oui
              <!---->
            </p>
            <!---->
          </div>
        </div>
        <div class="tablet-blobs">
          <div class="tablet-blob-1-4">
            <h5>Second élément</h5>
          </div>
          <div class="tablet-blob-3-4">
            <p class="cap-first mb-s">Oui
              <!---->
            </p>
            <p class="h6"><span>avec description</span></p>
          </div>
        </div>
      </div>
      <!---->
      <!---->
    </div>
  </div>
</div>