// Jest Snapshot v1, https://goo.gl/fbAQLP

exports[`construit le corps de la requête pour openFisca avec activités 1`] = `
Object {
  "articles": Object {
    "titre2-auru-97310": Object {
      "quantite_aurifere_kg": Object {
        "2021": 39.715,
      },
      "redevance_communale_des_mines_aurifere_kg": Object {
        "2022": null,
      },
      "redevance_departementale_des_mines_aurifere_kg": Object {
        "2022": null,
      },
      "surface_communale": Object {
        "2021": 19805494,
      },
      "surface_communale_proportionnee": Object {
        "2021": null,
      },
      "taxe_guyane": Object {
        "2022": null,
      },
      "taxe_guyane_brute": Object {
        "2022": null,
      },
      "taxe_guyane_deduction": Object {
        "2022": null,
      },
    },
    "titre5-auru-97311": Object {
      "quantite_aurifere_kg": Object {
        "2021": 8.91,
      },
      "redevance_communale_des_mines_aurifere_kg": Object {
        "2022": null,
      },
      "redevance_departementale_des_mines_aurifere_kg": Object {
        "2022": null,
      },
      "surface_communale": Object {
        "2021": 35604009,
      },
      "surface_communale_proportionnee": Object {
        "2021": null,
      },
      "taxe_guyane": Object {
        "2022": null,
      },
      "taxe_guyane_brute": Object {
        "2022": null,
      },
      "taxe_guyane_deduction": Object {
        "2022": null,
      },
    },
  },
  "communes": Object {
    "97310": Object {
      "articles": Array [
        "titre2-auru-97310",
      ],
    },
    "97311": Object {
      "articles": Array [
        "titre5-auru-97311",
      ],
    },
  },
  "titres": Object {
    "titre2": Object {
      "articles": Array [
        "titre2-auru-97310",
      ],
      "categorie": Object {
        "2021": "pme",
      },
      "commune_principale_exploitation": Object {
        "2021": "97310",
      },
      "investissement": Object {
        "2021": "7300",
      },
      "operateur": Object {
        "2021": "ma companie",
      },
      "surface_totale": Object {
        "2021": 19805494,
      },
    },
    "titre5": Object {
      "articles": Array [
        "titre5-auru-97311",
      ],
      "categorie": Object {
        "2021": "pme",
      },
      "commune_principale_exploitation": Object {
        "2021": "97311",
      },
      "investissement": Object {
        "2021": "0",
      },
      "operateur": Object {
        "2021": "ma companie",
      },
      "surface_totale": Object {
        "2021": 35604009,
      },
    },
  },
}
`;
