// Vitest Snapshot v1, https://vitest.dev/guide/snapshot.html

exports[`getUtilisateurs > vérifie les droits de lecture > en tant que 'admin' 1`] = `
{
  "administrationId": "aut-97300-01",
  "email": "utilisateurEmail",
  "id": "utilisateurId",
  "nom": "utilisateurNom",
  "prenom": "prenom-pas-super",
  "role": "editeur",
  "telephoneFixe": null,
  "telephoneMobile": null,
}
`;

exports[`getUtilisateurs > vérifie les droits de lecture > en tant que 'defaut' 1`] = `
{
  "message": "droits insuffisants",
  "status": 403,
}
`;

exports[`getUtilisateurs > vérifie les droits de lecture > en tant que 'editeur' 1`] = `
{
  "administrationId": "aut-97300-01",
  "email": "utilisateurEmail",
  "id": "utilisateurId",
  "nom": "utilisateurNom",
  "prenom": "prenom-pas-super",
  "role": "editeur",
  "telephoneFixe": null,
  "telephoneMobile": null,
}
`;

exports[`getUtilisateurs > vérifie les droits de lecture > en tant que 'entreprise' 1`] = `
{
  "administrationId": "aut-97300-01",
  "email": "utilisateurEmail",
  "id": "utilisateurId",
  "nom": "utilisateurNom",
  "prenom": "prenom-pas-super",
  "role": "editeur",
  "telephoneFixe": null,
  "telephoneMobile": null,
}
`;

exports[`getUtilisateurs > vérifie les droits de lecture > en tant que 'lecteur' 1`] = `
{
  "administrationId": "aut-97300-01",
  "email": "utilisateurEmail",
  "id": "utilisateurId",
  "nom": "utilisateurNom",
  "prenom": "prenom-pas-super",
  "role": "editeur",
  "telephoneFixe": null,
  "telephoneMobile": null,
}
`;

exports[`getUtilisateurs > vérifie les droits de lecture > en tant que 'super' 1`] = `
{
  "administrationId": "aut-97300-01",
  "email": "utilisateurEmail",
  "id": "utilisateurId",
  "nom": "utilisateurNom",
  "prenom": "prenom-pas-super",
  "role": "editeur",
  "telephoneFixe": null,
  "telephoneMobile": null,
}
`;
