// Jest Snapshot v1, https://goo.gl/fbAQLP

exports[`titreTerritoiresFind titreTerritoiresFind 1`] = `
Object {
  "communes": Array [
    "Fl√©e (0.1)",
    "Montval-sur-loir (0.105)",
    "Tours (0.1)",
  ],
  "departements": Array [
    "Sarthe",
    "Indre-et-Loire",
  ],
  "regions": Array [
    "Pays de la Loire",
    "Centre-Val de Loire",
  ],
}
`;
