<div class="tablet-blobs">
  <div class="tablet-blob-1-4">
    <h5>nom de l'élément</h5>
  </div>
  <div class="tablet-blob-3-4">
    <div class="flex h6 pb-xs"><span class="mt-xs flex bold"><svg style="display: block;" xmlns="http://www.w3.org/2000/svg" width="16px" height="16px" viewBox="0 0 24 24" aria-labelledby="file" role="application" fill="#666" tabindex="-1" class="mr-xs"><use href="#icon-file"></use></svg> nom du fichier</span><button class="btn-border py-xs px-s rnd-xs flex-right mt--xs"><svg style="display: block;" xmlns="http://www.w3.org/2000/svg" width="24px" height="24px" viewBox="0 0 24 24" aria-labelledby="download" role="application" fill="#666" tabindex="-1">
          <use href="#icon-download"></use>
        </svg></button></div><!-- eslint-disable vue/no-v-html -->
    <p class="h6"><span>description</span></p>
  </div>
</div>