<div class="mb">
  <h5>Items</h5>
  <hr class="mb-s">
  <div id="filters_autocomplete_Items_wrapper" class="_typeahead_8eddf1">
    <div class="flex typeahead-wrapper"><input id="filters_autocomplete_Items" type="text" name="filters_autocomplete_Items" class="_typeahead-input_8eddf1 fr-input" placeholder="Items" autocomplete="off"></div>
    <!---->
  </div>
</div>