<div>
  <div class="px">
    <div class="tablet-blobs flex-align-items-stretch">
      <div class="tablet-blob-1-2"><select class="p-s mr-s mb-s">
          <option value="2154">RGF93 / Lambert-93 - 2154</option>
          <option value="4230">ED50 - 4230</option>
          <option value="4326">WGS84 - 4326</option>
          <option value="32630">WGS84 / UTM zone 30N - 32630 (opposable)</option>
        </select></div>
      <div class="tablet-blob-1-2 flex flex-align-items-stretch">
        <div class="blobs-packed flex-grow flex-align-items-stretch mb-s">
          <div class="blob-packed-1-2 full-y border-l pl-s pt-xs">
            <h5 class="mb-0">X</h5>
            <p class="h6 italic mb-0">mètre</p>
          </div>
          <div class="blob-packed-1-2 full-y border-l pl-s pt-xs">
            <h5 class="mb-0">Y</h5>
            <p class="h6 italic mb-0">mètre</p>
          </div>
        </div>
      </div>
    </div>
  </div>
  <div class="geo-groupe mb">
    <!---->
    <div class="geo-contour">
      <!---->
      <div class="geo-point">
        <div class="tablet-blobs">
          <div class="tablet-blob-1-2 flex">
            <h4 class="mb-s flex-self-start mr-xs">A</h4>
            <!---->
          </div>
          <div class="tablet-blob-1-2">
            <div class="blobs-packed mb-s">
              <div class="blob-packed-1-2 border-l px-s">
                <p class="h6 flex my-xxs"><span class="flex-right mono bold">701 928</span></p>
              </div>
              <div class="blob-packed-1-2 border-l px-s">
                <p class="h6 flex my-xxs"><span class="flex-right mono bold">5 490 490</span></p>
              </div>
            </div>
          </div>
        </div>
      </div>
      <div class="geo-point">
        <div class="tablet-blobs">
          <div class="tablet-blob-1-2 flex">
            <h4 class="mb-s flex-self-start mr-xs">B</h4>
            <!---->
          </div>
          <div class="tablet-blob-1-2">
            <div class="blobs-packed mb-s">
              <div class="blob-packed-1-2 border-l px-s">
                <p class="h6 flex my-xxs"><span class="flex-right mono bold">702 573</span></p>
              </div>
              <div class="blob-packed-1-2 border-l px-s">
                <p class="h6 flex my-xxs"><span class="flex-right mono bold">5 491 450</span></p>
              </div>
            </div>
          </div>
        </div>
      </div>
      <div class="geo-point">
        <div class="tablet-blobs">
          <div class="tablet-blob-1-2 flex">
            <h4 class="mb-s flex-self-start mr-xs">C</h4>
            <!---->
          </div>
          <div class="tablet-blob-1-2">
            <div class="blobs-packed mb-s">
              <div class="blob-packed-1-2 border-l px-s">
                <p class="h6 flex my-xxs"><span class="flex-right mono bold">704 179</span></p>
              </div>
              <div class="blob-packed-1-2 border-l px-s">
                <p class="h6 flex my-xxs"><span class="flex-right mono bold">5 490 360</span></p>
              </div>
            </div>
          </div>
        </div>
      </div>
      <div class="geo-point">
        <div class="tablet-blobs">
          <div class="tablet-blob-1-2 flex">
            <h4 class="mb-s flex-self-start mr-xs">D</h4>
            <!---->
          </div>
          <div class="tablet-blob-1-2">
            <div class="blobs-packed mb-s">
              <div class="blob-packed-1-2 border-l px-s">
                <p class="h6 flex my-xxs"><span class="flex-right mono bold">706 293</span></p>
              </div>
              <div class="blob-packed-1-2 border-l px-s">
                <p class="h6 flex my-xxs"><span class="flex-right mono bold">5 490 230</span></p>
              </div>
            </div>
          </div>
        </div>
      </div>
      <div class="geo-point">
        <div class="tablet-blobs">
          <div class="tablet-blob-1-2 flex">
            <h4 class="mb-s flex-self-start mr-xs">E</h4>
            <!---->
          </div>
          <div class="tablet-blob-1-2">
            <div class="blobs-packed mb-s">
              <div class="blob-packed-1-2 border-l px-s">
                <p class="h6 flex my-xxs"><span class="flex-right mono bold">707 192</span></p>
              </div>
              <div class="blob-packed-1-2 border-l px-s">
                <p class="h6 flex my-xxs"><span class="flex-right mono bold">5 490 760</span></p>
              </div>
            </div>
          </div>
        </div>
      </div>
      <div class="geo-point">
        <div class="tablet-blobs">
          <div class="tablet-blob-1-2 flex">
            <h4 class="mb-s flex-self-start mr-xs">F</h4>
            <!---->
          </div>
          <div class="tablet-blob-1-2">
            <div class="blobs-packed mb-s">
              <div class="blob-packed-1-2 border-l px-s">
                <p class="h6 flex my-xxs"><span class="flex-right mono bold">708 634</span></p>
              </div>
              <div class="blob-packed-1-2 border-l px-s">
                <p class="h6 flex my-xxs"><span class="flex-right mono bold">5 490 390</span></p>
              </div>
            </div>
          </div>
        </div>
      </div>
      <div class="geo-point">
        <div class="tablet-blobs">
          <div class="tablet-blob-1-2 flex">
            <h4 class="mb-s flex-self-start mr-xs">G</h4>
            <!---->
          </div>
          <div class="tablet-blob-1-2">
            <div class="blobs-packed mb-s">
              <div class="blob-packed-1-2 border-l px-s">
                <p class="h6 flex my-xxs"><span class="flex-right mono bold">708 655</span></p>
              </div>
              <div class="blob-packed-1-2 border-l px-s">
                <p class="h6 flex my-xxs"><span class="flex-right mono bold">5 489 580</span></p>
              </div>
            </div>
          </div>
        </div>
      </div>
      <div class="geo-point">
        <div class="tablet-blobs">
          <div class="tablet-blob-1-2 flex">
            <h4 class="mb-s flex-self-start mr-xs">H</h4>
            <!---->
          </div>
          <div class="tablet-blob-1-2">
            <div class="blobs-packed mb-s">
              <div class="blob-packed-1-2 border-l px-s">
                <p class="h6 flex my-xxs"><span class="flex-right mono bold">706 809</span></p>
              </div>
              <div class="blob-packed-1-2 border-l px-s">
                <p class="h6 flex my-xxs"><span class="flex-right mono bold">5 490 060</span></p>
              </div>
            </div>
          </div>
        </div>
      </div>
      <div class="geo-point">
        <div class="tablet-blobs">
          <div class="tablet-blob-1-2 flex">
            <h4 class="mb-s flex-self-start mr-xs">I</h4>
            <!---->
          </div>
          <div class="tablet-blob-1-2">
            <div class="blobs-packed mb-s">
              <div class="blob-packed-1-2 border-l px-s">
                <p class="h6 flex my-xxs"><span class="flex-right mono bold">706 746</span></p>
              </div>
              <div class="blob-packed-1-2 border-l px-s">
                <p class="h6 flex my-xxs"><span class="flex-right mono bold">5 489 530</span></p>
              </div>
            </div>
          </div>
        </div>
      </div>
      <div class="geo-point">
        <div class="tablet-blobs">
          <div class="tablet-blob-1-2 flex">
            <h4 class="mb-s flex-self-start mr-xs">J</h4>
            <!---->
          </div>
          <div class="tablet-blob-1-2">
            <div class="blobs-packed mb-s">
              <div class="blob-packed-1-2 border-l px-s">
                <p class="h6 flex my-xxs"><span class="flex-right mono bold">705 976</span></p>
              </div>
              <div class="blob-packed-1-2 border-l px-s">
                <p class="h6 flex my-xxs"><span class="flex-right mono bold">5 489 510</span></p>
              </div>
            </div>
          </div>
        </div>
      </div>
      <div class="geo-point">
        <div class="tablet-blobs">
          <div class="tablet-blob-1-2 flex">
            <h4 class="mb-s flex-self-start mr-xs">K</h4>
            <!---->
          </div>
          <div class="tablet-blob-1-2">
            <div class="blobs-packed mb-s">
              <div class="blob-packed-1-2 border-l px-s">
                <p class="h6 flex my-xxs"><span class="flex-right mono bold">707 584</span></p>
              </div>
              <div class="blob-packed-1-2 border-l px-s">
                <p class="h6 flex my-xxs"><span class="flex-right mono bold">5 488 420</span></p>
              </div>
            </div>
          </div>
        </div>
      </div>
      <div class="geo-point">
        <div class="tablet-blobs">
          <div class="tablet-blob-1-2 flex">
            <h4 class="mb-s flex-self-start mr-xs">L</h4>
            <!---->
          </div>
          <div class="tablet-blob-1-2">
            <div class="blobs-packed mb-s">
              <div class="blob-packed-1-2 border-l px-s">
                <p class="h6 flex my-xxs"><span class="flex-right mono bold">706 841</span></p>
              </div>
              <div class="blob-packed-1-2 border-l px-s">
                <p class="h6 flex my-xxs"><span class="flex-right mono bold">5 487 320</span></p>
              </div>
            </div>
          </div>
        </div>
      </div>
      <div class="geo-point">
        <div class="tablet-blobs">
          <div class="tablet-blob-1-2 flex">
            <h4 class="mb-s flex-self-start mr-xs">M</h4>
            <!---->
          </div>
          <div class="tablet-blob-1-2">
            <div class="blobs-packed mb-s">
              <div class="blob-packed-1-2 border-l px-s">
                <p class="h6 flex my-xxs"><span class="flex-right mono bold">706 474</span></p>
              </div>
              <div class="blob-packed-1-2 border-l px-s">
                <p class="h6 flex my-xxs"><span class="flex-right mono bold">5 487 420</span></p>
              </div>
            </div>
          </div>
        </div>
      </div>
    </div>
  </div>
</div>