// Jest Snapshot v1, https://goo.gl/fbAQLP

exports[`vérifie l’arbre d’octroi d’ARM ne peut pas créer 2 "mfr" 1`] = `"Error: cannot execute step: '{\\"typeId\\":\\"mfr\\",\\"statutId\\":\\"fai\\",\\"date\\":\\"2020-01-03\\"}' after '[\\"mfr_fai\\",\\"mdp_dep\\"]'. The event {\\"type\\":\\"FAIRE_DEMANDE\\",\\"mecanise\\":false,\\"franchissements\\":0} should be one of 'MODIFIER_DEMANDE,DESISTER_PAR_LE_DEMANDEUR,CLASSER_SANS_SUITE,PAYER_FRAIS_DE_DOSSIER'"`;

exports[`vérifie l’arbre d’octroi d’ARM ne peut pas créer deux "des" 1`] = `"Error: cannot execute step: '{\\"typeId\\":\\"des\\",\\"statutId\\":\\"fai\\",\\"date\\":\\"2020-01-04\\"}' after '[\\"mfr_fai\\",\\"mdp_dep\\",\\"des_fai\\"]'. The event {\\"type\\":\\"DESISTER_PAR_LE_DEMANDEUR\\"} should be one of 'VALIDER_FRAIS_DE_DOSSIER'"`;

exports[`vérifie l’arbre d’octroi d’ARM ne peut pas créer une "css" après une "des" 1`] = `"Error: cannot execute step: '{\\"typeId\\":\\"css\\",\\"statutId\\":\\"fai\\",\\"date\\":\\"2020-01-05\\"}' after '[\\"mfr_fai\\",\\"mdp_dep\\",\\"des_fai\\"]'. The event {\\"type\\":\\"CLASSER_SANS_SUITE\\"} should be one of 'VALIDER_FRAIS_DE_DOSSIER'"`;

exports[`vérifie l’arbre d’octroi d’ARM ne peut pas créer une "mno" après la "aca" si le titre n’est pas mécanisé 1`] = `"Error: cannot execute step: '{\\"typeId\\":\\"mnb\\",\\"statutId\\":\\"fai\\",\\"date\\":\\"2020-01-04\\"}' after '[\\"mfr_fai\\",\\"mdp_dep\\",\\"pfd_fai\\",\\"mcp_com\\",\\"vfd_fai\\",\\"mcr_fav\\",\\"eof_fai\\",\\"aof_fav\\",\\"sca_fai\\",\\"aca_fav\\"]'. The event {\\"type\\":\\"NOTIFIER_DEMANDEUR_AVIS_FAVORABLE_CARM\\"} should be one of 'SIGNER_AUTORISATION_DE_RECHERCHE_MINIERE,DESISTER_PAR_LE_DEMANDEUR,CLASSER_SANS_SUITE'"`;

exports[`vérifie l’arbre d’octroi d’ARM ne peut pas créer une étape "{ typeId: 'mcb', statutId: 'fai' }" si il n’existe pas d’autres étapes 1`] = `"Error: cannot execute step: '{\\"typeId\\":\\"mcb\\",\\"statutId\\":\\"fai\\"}' after '[]'. The event {\\"type\\":\\"DEMANDER_COMPLEMENTS_RDE\\"} should be one of 'FAIRE_DEMANDE'"`;

exports[`vérifie l’arbre d’octroi d’ARM ne peut pas créer une étape "{ typeId: 'mcd', statutId: 'fai' }" si il n’existe pas d’autres étapes 1`] = `"Error: cannot execute step: '{\\"typeId\\":\\"mcd\\",\\"statutId\\":\\"fai\\"}' after '[]'. The event {\\"type\\":\\"DEMANDER_COMPLEMENTS_DAE\\"} should be one of 'FAIRE_DEMANDE'"`;

exports[`vérifie l’arbre d’octroi d’ARM ne peut pas créer une étape "mcp" sans "mdp" 1`] = `"Error: cannot execute step: '{\\"typeId\\":\\"mcp\\",\\"statutId\\":\\"com\\",\\"date\\":\\"2022-04-16\\"}' after '[\\"mfr_fai\\"]'. The event {\\"type\\":\\"ACCEPTER_COMPLETUDE\\"} should be one of 'DEPOSER_DEMANDE,MODIFIER_DEMANDE,DESISTER_PAR_LE_DEMANDEUR,CLASSER_SANS_SUITE'"`;

exports[`vérifie l’arbre d’octroi d’ARM ne peut pas déplacer une étape "mdp" sans "mfr" 1`] = `"Error: cannot execute step: '{\\"typeId\\":\\"mdp\\",\\"statutId\\":\\"dep\\",\\"date\\":\\"2020-02-02\\"}' after '[]'. The event {\\"type\\":\\"DEPOSER_DEMANDE\\"} should be one of 'FAIRE_DEMANDE'"`;
