<div class="" style="">
  <div id="titre-link-typeahead_wrapper" class="_typeahead_8eddf1">
    <div class="flex typeahead-wrapper"><input id="titre-link-typeahead" type="text" name="titre-link-typeahead" class="_typeahead-input_8eddf1 fr-input" placeholder="Lier plusieurs titres" autocomplete="off"></div>
    <!---->
  </div>
  <!---->
  <!---->
</div>