// Vitest Snapshot v1, https://vitest.dev/guide/snapshot.html

exports[`peut récupérer les statistiques de Guyane 1`] = `
{
  "annees": [
    {
      "activitesDeposesQuantite": 0,
      "activitesDeposesRatio": 0,
      "annee": "2018",
      "carburantConventionnel": 0,
      "carburantDetaxe": 0,
      "effectifs": 0,
      "environnementCout": 0,
      "mercure": 0,
      "orNet": 1320,
      "titresArm": {
        "quantite": 0,
        "surface": 0,
      },
      "titresAxm": {
        "quantite": 0,
        "surface": 0,
      },
      "titresCxm": {
        "quantite": 0,
        "surface": 0,
      },
      "titresPrm": {
        "quantite": 0,
        "surface": 0,
      },
    },
    {
      "activitesDeposesQuantite": 0,
      "activitesDeposesRatio": 0,
      "annee": "2019",
      "carburantConventionnel": 0,
      "carburantDetaxe": 0,
      "effectifs": 0,
      "environnementCout": 0,
      "mercure": 0,
      "orNet": 0,
      "titresArm": {
        "quantite": 0,
        "surface": 0,
      },
      "titresAxm": {
        "quantite": 0,
        "surface": 0,
      },
      "titresCxm": {
        "quantite": 0,
        "surface": 0,
      },
      "titresPrm": {
        "quantite": 0,
        "surface": 0,
      },
    },
    {
      "activitesDeposesQuantite": 0,
      "activitesDeposesRatio": 0,
      "annee": "2020",
      "carburantConventionnel": 0,
      "carburantDetaxe": 0,
      "effectifs": 0,
      "environnementCout": 0,
      "mercure": 0,
      "orNet": 0,
      "titresArm": {
        "quantite": 0,
        "surface": 0,
      },
      "titresAxm": {
        "quantite": 0,
        "surface": 0,
      },
      "titresCxm": {
        "quantite": 0,
        "surface": 0,
      },
      "titresPrm": {
        "quantite": 0,
        "surface": 0,
      },
    },
    {
      "activitesDeposesQuantite": 0,
      "activitesDeposesRatio": 0,
      "annee": "2021",
      "carburantConventionnel": 0,
      "carburantDetaxe": 0,
      "effectifs": 0,
      "environnementCout": 0,
      "mercure": 0,
      "orNet": 0,
      "titresArm": {
        "quantite": 0,
        "surface": 0,
      },
      "titresAxm": {
        "quantite": 0,
        "surface": 0,
      },
      "titresCxm": {
        "quantite": 0,
        "surface": 0,
      },
      "titresPrm": {
        "quantite": 0,
        "surface": 0,
      },
    },
    {
      "activitesDeposesQuantite": 0,
      "activitesDeposesRatio": 0,
      "annee": "2022",
      "carburantConventionnel": 0,
      "carburantDetaxe": 0,
      "effectifs": 0,
      "environnementCout": 0,
      "mercure": 0,
      "orNet": 0,
      "titresArm": {
        "quantite": 0,
        "surface": 0,
      },
      "titresAxm": {
        "quantite": 0,
        "surface": 0,
      },
      "titresCxm": {
        "quantite": 0,
        "surface": 0,
      },
      "titresPrm": {
        "quantite": 0,
        "surface": 0,
      },
    },
    {
      "activitesDeposesQuantite": 0,
      "activitesDeposesRatio": 0,
      "annee": "2023",
      "carburantConventionnel": 0,
      "carburantDetaxe": 0,
      "effectifs": 0,
      "environnementCout": 0,
      "mercure": 0,
      "orNet": 0,
      "titresArm": {
        "quantite": 0,
        "surface": 0,
      },
      "titresAxm": {
        "quantite": 0,
        "surface": 0,
      },
      "titresCxm": {
        "quantite": 0,
        "surface": 0,
      },
      "titresPrm": {
        "quantite": 0,
        "surface": 0,
      },
    },
  ],
  "arm": {
    "depot": {
      "2017": 0,
      "2018": 0,
      "2019": 0,
      "2020": 0,
      "2021": 0,
      "2022": 0,
      "2023": 0,
    },
    "octroiEtProlongation": {
      "2017": 0,
      "2018": 0,
      "2019": 0,
      "2020": 0,
      "2021": 0,
      "2022": 0,
      "2023": 0,
    },
    "refusees": {
      "2017": 0,
      "2018": 0,
      "2019": 0,
      "2020": 0,
      "2021": 0,
      "2022": 0,
      "2023": 0,
    },
    "surface": {
      "2017": 0,
      "2018": 0,
      "2019": 0,
      "2020": 0,
      "2021": 0,
      "2022": 0,
      "2023": 0,
    },
  },
  "axm": {
    "depot": {
      "2017": 0,
      "2018": 0,
      "2019": 0,
      "2020": 0,
      "2021": 0,
      "2022": 0,
      "2023": 0,
    },
    "octroiEtProlongation": {
      "2017": 0,
      "2018": 0,
      "2019": 0,
      "2020": 0,
      "2021": 0,
      "2022": 0,
      "2023": 0,
    },
    "refusees": {
      "2017": 0,
      "2018": 0,
      "2019": 0,
      "2020": 0,
      "2021": 0,
      "2022": 0,
      "2023": 0,
    },
    "surface": {
      "2017": 0,
      "2018": 0,
      "2019": 0,
      "2020": 0,
      "2021": 0,
      "2022": 0,
      "2023": 0,
    },
  },
  "cxm": {
    "depot": {
      "2017": 0,
      "2018": 0,
      "2019": 0,
      "2020": 0,
      "2021": 0,
      "2022": 0,
      "2023": 0,
    },
    "octroiEtProlongation": {
      "2017": 0,
      "2018": 0,
      "2019": 0,
      "2020": 0,
      "2021": 0,
      "2022": 0,
      "2023": 0,
    },
    "refusees": {
      "2017": 0,
      "2018": 0,
      "2019": 0,
      "2020": 0,
      "2021": 0,
      "2022": 0,
      "2023": 0,
    },
    "surface": {
      "2017": 0,
      "2018": 0,
      "2019": 0,
      "2020": 0,
      "2021": 0,
      "2022": 0,
      "2023": 0,
    },
  },
  "prm": {
    "depot": {
      "2017": 0,
      "2018": 0,
      "2019": 0,
      "2020": 0,
      "2021": 0,
      "2022": 0,
      "2023": 0,
    },
    "octroiEtProlongation": {
      "2017": 0,
      "2018": 0,
      "2019": 0,
      "2020": 0,
      "2021": 0,
      "2022": 0,
      "2023": 0,
    },
    "refusees": {
      "2017": 0,
      "2018": 0,
      "2019": 0,
      "2020": 0,
      "2021": 0,
      "2022": 0,
      "2023": 0,
    },
    "surface": {
      "2017": 0,
      "2018": 0,
      "2019": 0,
      "2020": 0,
      "2021": 0,
      "2022": 0,
      "2023": 0,
    },
  },
  "surfaceExploitation": 0,
  "surfaceExploration": 0,
  "titresArm": 0,
  "titresAxm": 0,
  "titresCxm": 0,
  "titresPrm": 0,
}
`;
