// Vitest Snapshot v1, https://vitest.dev/guide/snapshot.html

exports[`sortedAdministrationTypes 1`] = `
[
  {
    "id": "aut",
    "nom": "Autorité",
  },
  {
    "id": "dea",
    "nom": "Déal",
  },
  {
    "id": "dre",
    "nom": "Dréal",
  },
  {
    "id": "min",
    "nom": "Ministère",
  },
  {
    "id": "ope",
    "nom": "Opérateur",
  },
  {
    "id": "pre",
    "nom": "Préfecture",
  },
]
`;
