// Jest Snapshot v1, https://goo.gl/fbAQLP

exports[`getPeriode 1`] = `
Array [
  Array [
    "",
    "année",
    "",
    "",
    "",
    "",
    "",
    "",
    "",
    "",
    "",
    "",
    "",
  ],
  Array [
    "",
    "janvier",
    "février",
    "mars",
    "avril",
    "mai",
    "juin",
    "juillet",
    "août",
    "septembre",
    "octobre",
    "novembre",
    "décembre",
  ],
  Array [
    "",
    "1er trimestre",
    "2e trimestre",
    "3e trimestre",
    "4e trimestre",
    "",
    "",
    "",
    "",
    "",
    "",
    "",
    "",
  ],
]
`;
