// Vitest Snapshot v1

exports[`substancesFiscalesBySubstanceLegale 1`] = `
[
  {
    "description": "contenu dans les minerais",
    "id": "auru",
    "nom": "or",
    "openFisca": {
      "nom": "aurifere",
      "unite": "mkg",
    },
    "substanceLegaleId": "auru",
    "uniteId": "mgr",
  },
]
`;

exports[`substancesFiscalesBySubstanceLegale 2`] = `
[
  {
    "description": "bauxite nettes livrées",
    "id": "aloh",
    "nom": "bauxite",
    "substanceLegaleId": "aloh",
    "uniteId": "mtk",
  },
  {
    "description": "contenu dans les minerais",
    "id": "cuiv",
    "nom": "cuivre",
    "substanceLegaleId": "cuiv",
    "uniteId": "mtt",
  },
  {
    "description": "contenu dans les minerais",
    "id": "etai",
    "nom": "étain",
    "openFisca": {
      "nom": "etain",
    },
    "substanceLegaleId": "etai",
    "uniteId": "mtt",
  },
  {
    "description": "net livré",
    "id": "fera",
    "nom": "pyrite de fer",
    "openFisca": {
      "nom": "fer_pyrite",
    },
    "substanceLegaleId": "ferx",
    "uniteId": "mtk",
  },
  {
    "description": "net livré",
    "id": "ferb",
    "nom": "minerais de fer",
    "openFisca": {
      "nom": "fer",
    },
    "substanceLegaleId": "ferx",
    "uniteId": "mtk",
  },
  {
    "description": "contenu dans les minerais",
    "id": "mang",
    "nom": "manganèse",
    "openFisca": {
      "nom": "manganese",
    },
    "substanceLegaleId": "mang",
    "uniteId": "mtc",
  },
  {
    "description": "contenu dans les minerais",
    "id": "plom",
    "nom": "plomb",
    "substanceLegaleId": "plom",
    "uniteId": "mtc",
  },
  {
    "description": "contenu dans les minerais",
    "id": "zinc",
    "nom": "zinc",
    "substanceLegaleId": "zinc",
    "uniteId": "mtc",
  },
]
`;
