// Vitest Snapshot v1

exports[`getDocuments surcharge 2`] = `
[
  {
    "id": "cam",
    "nom": "Contrat d'amodiation",
    "optionnel": true,
  },
  {
    "description": "Plan à l’échelle 1/50 000ème ou 1/100 000ème",
    "id": "car",
    "nom": "Documents cartographiques",
    "optionnel": false,
  },
  {
    "id": "cnt",
    "nom": "Contrat",
    "optionnel": true,
  },
  {
    "id": "cod",
    "nom": "Compléments au dossier de demande",
    "optionnel": true,
  },
  {
    "id": "dep",
    "nom": "Décision cas par cas",
    "optionnel": true,
  },
  {
    "id": "doe",
    "nom": "Dossier \\"Loi sur l'eau\\"",
    "optionnel": true,
  },
  {
    "id": "dom",
    "nom": "Dossier de demande",
    "optionnel": true,
  },
  {
    "id": "dos",
    "nom": "Dossier",
    "optionnel": true,
  },
  {
    "id": "fac",
    "nom": "Facture",
    "optionnel": true,
  },
  {
    "id": "fic",
    "nom": "Fiche de complétude",
    "optionnel": true,
  },
  {
    "id": "fip",
    "nom": "Fiche de présentation",
    "optionnel": true,
  },
  {
    "id": "for",
    "nom": "Formulaire de demande",
    "optionnel": true,
  },
  {
    "id": "jpa",
    "nom": "Justificatif de paiement",
    "optionnel": true,
  },
  {
    "id": "lem",
    "nom": "Lettre de demande",
    "optionnel": true,
  },
  {
    "description": undefined,
    "id": "let",
    "nom": "Lettre",
    "optionnel": true,
  },
  {
    "id": "noi",
    "nom": "Notice d'incidence",
    "optionnel": true,
  },
  {
    "id": "pla",
    "nom": "Plan",
    "optionnel": true,
  },
  {
    "id": "rec",
    "nom": "Récépissé \\"Loi sur l'eau\\"",
    "optionnel": true,
  },
  {
    "description": "la liste et la valeur du matériel d’extraction et de
 traitement que le demandeur détient ou qu’il 
envisage d’acquérir ainsi que, dans ce dernier
 cas, le financement correspondant. Ces pièces 
sont demandées au titre de la justification des 
capacités financières du
demandeur 
(décret 2001-204, art. 7)",
    "id": "idm",
    "nom": "Identification de matériel",
    "optionnel": false,
  },
  {
    "description": undefined,
    "id": "jeg",
    "nom": "Justification d’existence du gisement",
    "optionnel": true,
  },
  {
    "description": "la définition des mesures prévues par le pétitionnaire pour réhabiliter le site après exploitation, notamment la nature et les modalités de revégétalisation envisagée. (décret 2001-204, art. 5 bis)",
    "id": "mes",
    "nom": "Mesures prévues pour réhabiliter le site ",
    "optionnel": false,
  },
  {
    "description": "descriptif des méthodes envisagées pour l’exécution des travaux ((décret 2001-204, art. 6)",
    "id": "met",
    "nom": "Méthodes pour l'exécution des travaux",
    "optionnel": false,
  },
  {
    "description": undefined,
    "id": "nip",
    "nom": "Notice d’impact",
    "optionnel": true,
  },
  {
    "description": "Obligatoire pour les AEX hors de la zone 2 du SDOM",
    "id": "nir",
    "nom": "Notice d’impact renforcée",
    "optionnel": true,
  },
  {
    "description": "Description du phasage et planigramme des travaux. (décret 2001-204, art. 5)",
    "id": "prg",
    "nom": "Programme des travaux ",
    "optionnel": false,
  },
  {
    "description": "le schéma de pénétration du massif forestier proposé par le pétitionnaire pour l'acheminement du matériel lourd et la desserte du chantier (décret 2001-204, art. 5 bis)",
    "id": "sch",
    "nom": "Schéma de pénétration du massif forestier",
    "optionnel": false,
  },
]
`;
