<div style="height: 100%; width: 100%; background: white;">
  <table>
    <tr>
      <th>Domaines</th>
      <th>Rendu</th>
    </tr>
    <tr>
      <td>m</td>
      <td>
        <div>
          <div class="bg-domaine-m inline-block small bold color-bg pill py-xs px-s mr-xs mono">M </div>
          <div class="cap-first h6 bold">minéraux et métaux</div>
        </div>
      </td>
    </tr>
    <tr>
      <td>w</td>
      <td>
        <div>
          <div class="bg-domaine-w inline-block small bold color-bg pill py-xs px-s mr-xs mono">W </div>
          <div class="cap-first h6 bold">granulats marins</div>
        </div>
      </td>
    </tr>
    <tr>
      <td>c</td>
      <td>
        <div>
          <div class="bg-domaine-c inline-block small bold color-bg pill py-xs px-s mr-xs mono">C </div>
          <div class="cap-first h6 bold">carrières</div>
        </div>
      </td>
    </tr>
    <tr>
      <td>h</td>
      <td>
        <div>
          <div class="bg-domaine-h inline-block small bold color-bg pill py-xs px-s mr-xs mono">H </div>
          <div class="cap-first h6 bold">hydrocarbures liquides ou gazeux</div>
        </div>
      </td>
    </tr>
    <tr>
      <td>f</td>
      <td>
        <div>
          <div class="bg-domaine-f inline-block small bold color-bg pill py-xs px-s mr-xs mono">F </div>
          <div class="cap-first h6 bold">combustibles fossiles</div>
        </div>
      </td>
    </tr>
    <tr>
      <td>r</td>
      <td>
        <div>
          <div class="bg-domaine-r inline-block small bold color-bg pill py-xs px-s mr-xs mono">R </div>
          <div class="cap-first h6 bold">éléments radioactifs</div>
        </div>
      </td>
    </tr>
    <tr>
      <td>g</td>
      <td>
        <div>
          <div class="bg-domaine-g inline-block small bold color-bg pill py-xs px-s mr-xs mono">G </div>
          <div class="cap-first h6 bold">géothermie</div>
        </div>
      </td>
    </tr>
    <tr>
      <td>s</td>
      <td>
        <div>
          <div class="bg-domaine-s inline-block small bold color-bg pill py-xs px-s mr-xs mono">S </div>
          <div class="cap-first h6 bold">stockages souterrains</div>
        </div>
      </td>
    </tr>
  </table>
</div>