<div class="flex flex-direction-column rnd-s border bg-bg mb"><button class="rnd-s accordion-header flex btn-alt py-s px-s">
    <div><span>Mission régionale autorité environnementale de Guyane</span></div>
    <div class="flex flex-right flex-end"><svg style="display: block;" xmlns="http://www.w3.org/2000/svg" width="24px" height="24px" viewBox="0 0 24 24" aria-labelledby="chevron-bas" role="application" fill="#666" tabindex="-1">
        <use href="#icon-chevron-bas"></use>
      </svg></div>
  </button>
  <!--v-if-->
  <div class="overflow-hidden">
    <transition-stub name="slide" appear="false" persisted="true" css="true">
      <div style="display: none;">
        <div class="px-m pt-m">
          <!---->
          <div class="large-blobs">
            <div class="large-blob-1-6">
              <h5>Adresse</h5>
            </div>
            <div class="large-blob-5-6">
              <p>Route du Vieux-Port
                97300 Cayenne<span><br>Adresse postale
Route du Vieux-Port
CS 76003
97306 Cayenne</span><br>97300Cayenne</p>
            </div>
          </div>
          <div class="large-blobs">
            <div class="large-blob-1-6">
              <h5>Téléphone</h5>
            </div>
            <div class="large-blob-5-6">
              <p class="word-break">+594 (0)5 94 39 80 00</p>
            </div>
          </div>
          <!---->
          <div class="large-blobs">
            <div class="large-blob-1-6">
              <h5>Site</h5>
            </div>
            <div class="large-blob-5-6">
              <p class="word-break"><a href="http://www.mrae.developpement-durable.gouv.fr/guyane-r27.html" class="btn small bold py-xs px-s rnd" target="_blank" rel="noopener noreferrer">http://www.mrae.developpement-durable.gouv.fr/guyane-r27.html</a></p>
            </div>
          </div>
        </div>
      </div>
    </transition-stub>
  </div>
</div>