<span class="bold cap-first small"><span class="bg-error py-xs px-s rnd-xs color-bg box">Tag</span></span>