<span class="bold cap-first small"><span class="bg-neutral py-xxs px-xs rnd-xs color-bg box">Tag</span></span>