<div>
  <h3 class="mb-s">Substances</h3>
  <div class="mb-s">
    <div>
      <ul class="list-inline mb-s">
        <li class="mr-xs mb-xs"><span class="bold cap-first small lh-2"><span class="bg-neutral py-xs px-s rnd-xs color-bg box">or</span></span></li>
      </ul>
      <div class="mb-s"><span class="bold cap-first small"><span class="bg-info py-xxs px-xs rnd-xs color-bg box">Incertain</span></span></div>
      <p class="h6 italic mb-s">Hérité de :<span class="cap-first">Demande</span> (01-01-2020)</p>
    </div>
    <!----><button class="btn full-x rnd-xs py-s px-m small mb-s">Modifier</button>
  </div>
</div>