<div class="tablet-blobs mb-xl">
  <div class="tablet-blob-1-4">
    <!---->
  </div>
  <!---->
</div>