<div class="tablet-blobs mb-xl">
  <div class="tablet-blob-1-4">
    <div>
      <h5>Surface</h5>
      <p>4 km² environ</p>
    </div>
  </div>
  <!---->
</div>