<div class="tablet-blobs mb-xl">
  <div class="tablet-blob-1-4">
    <!---->
  </div>
  <div class="tablet-blob-3-4">
    <h5>Territoires</h5>
    <!---->
    <!---->
    <div>
      <div>
        <h6 class="mb-s">Zones du SDOM</h6>
        <ul class="list-inline">
          <li class="mr-xs mb-xs"><span class="bold cap-first small lh-2"><span class="bg-neutral py-xs px-s rnd-xs color-bg box">ZONE 1, activité minière interdite sauf exploitation souterraine et recherches aériennes</span></span></li>
          <li class="mr-xs mb-xs"><span class="bold cap-first small lh-2"><span class="bg-neutral py-xs px-s rnd-xs color-bg box">ZONE 2, activité minière autorisée sous contrainte</span></span></li>
        </ul>
      </div>
    </div>
    <!---->
  </div>
</div>