<div class="dsfr">
  <div class="fr-alert fr-alert--success">
    <h3 class="fr-alert__title">C’est un succès</h3><span class="fr-text--bold">Description en gras</span>
  </div>
</div>